ASxxxx Linker V03.00 + NoICE + sdld,  page 1.
Hexadecimal  [32-Bits]

Area                                    Addr        Size        Decimal Bytes (Attributes)
--------------------------------        ----        ----        ------- ----- ------------
CABS                                00000000    00000000 =           0. bytes (ABS,CON,CODE)

      Value  Global                              Global Defined In Module
      -----  --------------------------------   ------------------------
C:   00000000  l_BIT_BANK                      
C:   00000000  l_BSEG                          
C:   00000000  l_BSEG_BYTES                    
C:   00000000  l_CABS                          
C:   00000000  l_CONST                         
C:   00000000  l_GSINIT                        
C:   00000000  l_GSINIT1                       
C:   00000000  l_GSINIT5                       
C:   00000000  l_IABS                          
C:   00000000  l_ISEG                          
C:   00000000  l_OSEG                          
C:   00000000  l_PSEG                          
C:   00000000  l_REG_BANK_1                    
C:   00000000  l_REG_BANK_2                    
C:   00000000  l_REG_BANK_3                    
C:   00000000  l_RSEG                          
C:   00000000  l_RSEG0                         
C:   00000000  l_RSEG1                         
C:   00000000  l_XABS                          
C:   00000000  l_XINIT                         
C:   00000000  l_XISEG                         
C:   00000000  l_XSEG                          
C:   00000000  l__CODE                         
C:   00000000  s_BSEG                          
C:   00000000  s_CABS                          
C:   00000000  s_DSEG                          
C:   00000000  s_HOME                          
C:   00000000  s_IABS                          
C:   00000000  s_ISEG                          
C:   00000000  s_REG_BANK_0                    
C:   00000000  s_RSEG                          
C:   00000000  s_RSEG0                         
C:   00000000  s_RSEG1                         
C:   00000000  s_XABS                          
C:   00000001  s_PSEG                          
C:   00000001  s_XISEG                         
C:   00000001  s_XSEG                          
C:   00000003  l_GSFINAL                       
C:   00000003  l_GSINIT0                       
C:   00000006  l_HOME                          
C:   00000006  s_GSINIT0                       
C:   00000008  l_REG_BANK_0                    
C:   00000008  s_REG_BANK_1                    
C:   00000009  s_GSINIT1                       
C:   00000009  s_GSINIT2                       
C:   0000000A  l_GSINIT2                       
C:   0000000B  s_SSEG                          
C:   00000010  s_REG_BANK_2                    
C:   00000013  s_GSINIT3                       
C:   00000018  s_BIT_BANK                      
ASxxxx Linker V03.00 + NoICE + sdld,  page 2.
Hexadecimal  [32-Bits]

Area                                    Addr        Size        Decimal Bytes (Attributes)
--------------------------------        ----        ----        ------- ----- ------------
CABS                                00000000    00000000 =           0. bytes (ABS,CON,CODE)

      Value  Global                              Global Defined In Module
      -----  --------------------------------   ------------------------
C:   00000018  s_OSEG                          
C:   00000018  s_REG_BANK_3                    
C:   00000020  s_BSEG_BYTES                    
C:   00000020  s__CODE                         
C:   00000022  l_GSINIT3                       
C:   0000002A  l_GSINIT4                       
C:   00000035  s_GSINIT4                       
C:   0000005F  s_GSFINAL                       
C:   0000005F  s_GSINIT                        
C:   0000005F  s_GSINIT5                       
C:   00000062  s_CSEG                          
C:   00000080  l_DSEG                          
C:   00000082  l_CSEG                          
C:   000000E4  s_CONST                         
C:   000000E4  s_XINIT                         
C:   000000F5  l_SSEG                          
C:   00000100  l_IRAM                          

ASxxxx Linker V03.00 + NoICE + sdld,  page 3.
Hexadecimal  [32-Bits]

Area                                    Addr        Size        Decimal Bytes (Attributes)
--------------------------------        ----        ----        ------- ----- ------------
.  .ABS.                            00000000    00000000 =           0. bytes (ABS,CON)

      Value  Global                              Global Defined In Module
      -----  --------------------------------   ------------------------
     00000000  .__.ABS.                           _startup
     00000080  G$P0$0_0$0                         Function_Return
     00000080  G$P0_0$0_0$0                       Function_Return
     00000080  _P0                                Function_Return
     00000080  _P0_0                              Function_Return
     00000081  G$P0_1$0_0$0                       Function_Return
     00000081  G$SP$0_0$0                         Function_Return
     00000081  _P0_1                              Function_Return
     00000081  _SP                                Function_Return
     00000082  G$DPL$0_0$0                        Function_Return
     00000082  G$P0_2$0_0$0                       Function_Return
     00000082  _DPL                               Function_Return
     00000082  _P0_2                              Function_Return
     00000083  G$DPH$0_0$0                        Function_Return
     00000083  G$P0_3$0_0$0                       Function_Return
     00000083  _DPH                               Function_Return
     00000083  _P0_3                              Function_Return
     00000084  G$P0_4$0_0$0                       Function_Return
     00000084  _P0_4                              Function_Return
     00000085  G$P0_5$0_0$0                       Function_Return
     00000085  _P0_5                              Function_Return
     00000086  G$P0_6$0_0$0                       Function_Return
     00000086  _P0_6                              Function_Return
     00000087  G$P0_7$0_0$0                       Function_Return
     00000087  G$PCON$0_0$0                       Function_Return
     00000087  _P0_7                              Function_Return
     00000087  _PCON                              Function_Return
     00000088  G$IT0$0_0$0                        Function_Return
     00000088  G$TCON$0_0$0                       Function_Return
     00000088  _IT0                               Function_Return
     00000088  _TCON                              Function_Return
     00000089  G$IE0$0_0$0                        Function_Return
     00000089  G$TMOD$0_0$0                       Function_Return
     00000089  _IE0                               Function_Return
     00000089  _TMOD                              Function_Return
     0000008A  G$IT1$0_0$0                        Function_Return
     0000008A  G$TL0$0_0$0                        Function_Return
     0000008A  _IT1                               Function_Return
     0000008A  _TL0                               Function_Return
     0000008B  G$IE1$0_0$0                        Function_Return
     0000008B  G$TL1$0_0$0                        Function_Return
     0000008B  _IE1                               Function_Return
     0000008B  _TL1                               Function_Return
     0000008C  G$TH0$0_0$0                        Function_Return
     0000008C  G$TR0$0_0$0                        Function_Return
     0000008C  _TH0                               Function_Return
     0000008C  _TR0                               Function_Return
     0000008D  G$TF0$0_0$0                        Function_Return
     0000008D  G$TH1$0_0$0                        Function_Return
     0000008D  _TF0                               Function_Return
ASxxxx Linker V03.00 + NoICE + sdld,  page 4.
Hexadecimal  [32-Bits]

Area                                    Addr        Size        Decimal Bytes (Attributes)
--------------------------------        ----        ----        ------- ----- ------------
.  .ABS.                            00000000    00000000 =           0. bytes (ABS,CON)

      Value  Global                              Global Defined In Module
      -----  --------------------------------   ------------------------
     0000008D  _TH1                               Function_Return
     0000008E  G$TR1$0_0$0                        Function_Return
     0000008E  _TR1                               Function_Return
     0000008F  G$TF1$0_0$0                        Function_Return
     0000008F  _TF1                               Function_Return
     00000090  G$P1$0_0$0                         Function_Return
     00000090  G$P1_0$0_0$0                       Function_Return
     00000090  _P1                                Function_Return
     00000090  _P1_0                              Function_Return
     00000091  G$P1_1$0_0$0                       Function_Return
     00000091  _P1_1                              Function_Return
     00000092  G$P1_2$0_0$0                       Function_Return
     00000092  _P1_2                              Function_Return
     00000093  G$P1_3$0_0$0                       Function_Return
     00000093  _P1_3                              Function_Return
     00000094  G$P1_4$0_0$0                       Function_Return
     00000094  _P1_4                              Function_Return
     00000095  G$P1_5$0_0$0                       Function_Return
     00000095  _P1_5                              Function_Return
     00000096  G$P1_6$0_0$0                       Function_Return
     00000096  _P1_6                              Function_Return
     00000097  G$P1_7$0_0$0                       Function_Return
     00000097  _P1_7                              Function_Return
     00000098  G$RI$0_0$0                         Function_Return
     00000098  G$SCON$0_0$0                       Function_Return
     00000098  _RI                                Function_Return
     00000098  _SCON                              Function_Return
     00000099  G$SBUF$0_0$0                       Function_Return
     00000099  G$TI$0_0$0                         Function_Return
     00000099  _SBUF                              Function_Return
     00000099  _TI                                Function_Return
     0000009A  G$RB8$0_0$0                        Function_Return
     0000009A  _RB8                               Function_Return
     0000009B  G$TB8$0_0$0                        Function_Return
     0000009B  _TB8                               Function_Return
     0000009C  G$REN$0_0$0                        Function_Return
     0000009C  _REN                               Function_Return
     0000009D  G$SM2$0_0$0                        Function_Return
     0000009D  _SM2                               Function_Return
     0000009E  G$SM1$0_0$0                        Function_Return
     0000009E  _SM1                               Function_Return
     0000009F  G$SM0$0_0$0                        Function_Return
     0000009F  _SM0                               Function_Return
     000000A0  G$P2$0_0$0                         Function_Return
     000000A0  G$P2_0$0_0$0                       Function_Return
     000000A0  _P2                                Function_Return
     000000A0  _P2_0                              Function_Return
     000000A0  __XPAGE                            
     000000A1  G$P2_1$0_0$0                       Function_Return
     000000A1  _P2_1                              Function_Return
     000000A2  G$P2_2$0_0$0                       Function_Return
ASxxxx Linker V03.00 + NoICE + sdld,  page 5.
Hexadecimal  [32-Bits]

Area                                    Addr        Size        Decimal Bytes (Attributes)
--------------------------------        ----        ----        ------- ----- ------------
.  .ABS.                            00000000    00000000 =           0. bytes (ABS,CON)

      Value  Global                              Global Defined In Module
      -----  --------------------------------   ------------------------
     000000A2  _P2_2                              Function_Return
     000000A3  G$P2_3$0_0$0                       Function_Return
     000000A3  _P2_3                              Function_Return
     000000A4  G$P2_4$0_0$0                       Function_Return
     000000A4  _P2_4                              Function_Return
     000000A5  G$P2_5$0_0$0                       Function_Return
     000000A5  _P2_5                              Function_Return
     000000A6  G$P2_6$0_0$0                       Function_Return
     000000A6  _P2_6                              Function_Return
     000000A7  G$P2_7$0_0$0                       Function_Return
     000000A7  _P2_7                              Function_Return
     000000A8  G$EX0$0_0$0                        Function_Return
     000000A8  G$IE$0_0$0                         Function_Return
     000000A8  _EX0                               Function_Return
     000000A8  _IE                                Function_Return
     000000A9  G$ET0$0_0$0                        Function_Return
     000000A9  _ET0                               Function_Return
     000000AA  G$EX1$0_0$0                        Function_Return
     000000AA  _EX1                               Function_Return
     000000AB  G$ET1$0_0$0                        Function_Return
     000000AB  _ET1                               Function_Return
     000000AC  G$ES$0_0$0                         Function_Return
     000000AC  _ES                                Function_Return
     000000AF  G$EA$0_0$0                         Function_Return
     000000AF  _EA                                Function_Return
     000000B0  G$P3$0_0$0                         Function_Return
     000000B0  G$P3_0$0_0$0                       Function_Return
     000000B0  G$RXD$0_0$0                        Function_Return
     000000B0  _P3                                Function_Return
     000000B0  _P3_0                              Function_Return
     000000B0  _RXD                               Function_Return
     000000B1  G$P3_1$0_0$0                       Function_Return
     000000B1  G$TXD$0_0$0                        Function_Return
     000000B1  _P3_1                              Function_Return
     000000B1  _TXD                               Function_Return
     000000B2  G$INT0$0_0$0                       Function_Return
     000000B2  G$P3_2$0_0$0                       Function_Return
     000000B2  _INT0                              Function_Return
     000000B2  _P3_2                              Function_Return
     000000B3  G$INT1$0_0$0                       Function_Return
     000000B3  G$P3_3$0_0$0                       Function_Return
     000000B3  _INT1                              Function_Return
     000000B3  _P3_3                              Function_Return
     000000B4  G$P3_4$0_0$0                       Function_Return
     000000B4  G$T0$0_0$0                         Function_Return
     000000B4  _P3_4                              Function_Return
     000000B4  _T0                                Function_Return
     000000B5  G$P3_5$0_0$0                       Function_Return
     000000B5  G$T1$0_0$0                         Function_Return
     000000B5  _P3_5                              Function_Return
     000000B5  _T1                                Function_Return
ASxxxx Linker V03.00 + NoICE + sdld,  page 6.
Hexadecimal  [32-Bits]

Area                                    Addr        Size        Decimal Bytes (Attributes)
--------------------------------        ----        ----        ------- ----- ------------
.  .ABS.                            00000000    00000000 =           0. bytes (ABS,CON)

      Value  Global                              Global Defined In Module
      -----  --------------------------------   ------------------------
     000000B6  G$P3_6$0_0$0                       Function_Return
     000000B6  G$WR$0_0$0                         Function_Return
     000000B6  _P3_6                              Function_Return
     000000B6  _WR                                Function_Return
     000000B7  G$P3_7$0_0$0                       Function_Return
     000000B7  G$RD$0_0$0                         Function_Return
     000000B7  _P3_7                              Function_Return
     000000B7  _RD                                Function_Return
     000000B8  G$IP$0_0$0                         Function_Return
     000000B8  G$PX0$0_0$0                        Function_Return
     000000B8  _IP                                Function_Return
     000000B8  _PX0                               Function_Return
     000000B9  G$PT0$0_0$0                        Function_Return
     000000B9  _PT0                               Function_Return
     000000BA  G$PX1$0_0$0                        Function_Return
     000000BA  _PX1                               Function_Return
     000000BB  G$PT1$0_0$0                        Function_Return
     000000BB  _PT1                               Function_Return
     000000BC  G$PS$0_0$0                         Function_Return
     000000BC  _PS                                Function_Return
     000000D0  G$P$0_0$0                          Function_Return
     000000D0  G$PSW$0_0$0                        Function_Return
     000000D0  _P                                 Function_Return
     000000D0  _PSW                               Function_Return
     000000D1  G$FL$0_0$0                         Function_Return
     000000D1  _FL                                Function_Return
     000000D2  G$OV$0_0$0                         Function_Return
     000000D2  _OV                                Function_Return
     000000D3  G$RS0$0_0$0                        Function_Return
     000000D3  _RS0                               Function_Return
     000000D4  G$RS1$0_0$0                        Function_Return
     000000D4  _RS1                               Function_Return
     000000D5  G$F0$0_0$0                         Function_Return
     000000D5  _F0                                Function_Return
     000000D6  G$AC$0_0$0                         Function_Return
     000000D6  _AC                                Function_Return
     000000D7  G$CY$0_0$0                         Function_Return
     000000D7  _CY                                Function_Return
     000000E0  G$A$0_0$0                          Function_Return
     000000E0  G$ACC$0_0$0                        Function_Return
     000000E0  _A                                 Function_Return
     000000E0  _ACC                               Function_Return
     000000F0  G$B$0_0$0                          Function_Return
     000000F0  _B                                 Function_Return

ASxxxx Linker V03.00 + NoICE + sdld,  page 7.
Hexadecimal  [32-Bits]

Area                                    Addr        Size        Decimal Bytes (Attributes)
--------------------------------        ----        ----        ------- ----- ------------
REG_BANK_0                          00000000    00000008 =           8. bytes (REL,OVR)

      Value  Global                              Global Defined In Module
      -----  --------------------------------   ------------------------
ASxxxx Linker V03.00 + NoICE + sdld,  page 8.
Hexadecimal  [32-Bits]

Area                                    Addr        Size        Decimal Bytes (Attributes)
--------------------------------        ----        ----        ------- ----- ------------
DSEG                                00000000    00000080 =         128. bytes (REL,CON)

      Value  Global                              Global Defined In Module
      -----  --------------------------------   ------------------------
     00000008  LFunction_Return.sum_while$i$1_0   Function_Return
     00000008  _sum_while_PARM_2                  Function_Return
     00000009  LFunction_Return.sum_Do$i$1_0$9    Function_Return
     00000009  _sum_Do_PARM_2                     Function_Return
     0000000A  LFunction_Return.sum_For$i$1_0$1   Function_Return
     0000000A  _sum_For_PARM_2                    Function_Return
ASxxxx Linker V03.00 + NoICE + sdld,  page 9.
Hexadecimal  [32-Bits]

Area                                    Addr        Size        Decimal Bytes (Attributes)
--------------------------------        ----        ----        ------- ----- ------------
SSEG                                0000000B    000000F5 =         245. bytes (REL,OVR)

      Value  Global                              Global Defined In Module
      -----  --------------------------------   ------------------------
     0000000B  __start__stack                     Function_Return

ASxxxx Linker V03.00 + NoICE + sdld,  page 10.
Hexadecimal  [32-Bits]

Area                                    Addr        Size        Decimal Bytes (Attributes)
--------------------------------        ----        ----        ------- ----- ------------
HOME                                00000000    00000006 =           6. bytes (REL,CON,CODE)

      Value  Global                              Global Defined In Module
      -----  --------------------------------   ------------------------
C:   00000000  A$Function_Return$391              Function_Return
C:   00000003  A$Function_Return$413              Function_Return
C:   00000003  __sdcc_program_startup             Function_Return
ASxxxx Linker V03.00 + NoICE + sdld,  page 11.
Hexadecimal  [32-Bits]

Area                                    Addr        Size        Decimal Bytes (Attributes)
--------------------------------        ----        ----        ------- ----- ------------
GSINIT0                             00000006    00000003 =           3. bytes (REL,CON,CODE)

      Value  Global                              Global Defined In Module
      -----  --------------------------------   ------------------------
C:   00000006  __sdcc_gsinit_startup              

ASxxxx Linker V03.00 + NoICE + sdld,  page 12.
Hexadecimal  [32-Bits]

Area                                    Addr        Size        Decimal Bytes (Attributes)
--------------------------------        ----        ----        ------- ----- ------------
GSINIT2                             00000009    0000000A =          10. bytes (REL,CON,CODE)

      Value  Global                              Global Defined In Module
      -----  --------------------------------   ------------------------
ASxxxx Linker V03.00 + NoICE + sdld,  page 13.
Hexadecimal  [32-Bits]

Area                                    Addr        Size        Decimal Bytes (Attributes)
--------------------------------        ----        ----        ------- ----- ------------
GSINIT3                             00000013    00000022 =          34. bytes (REL,CON,CODE)

      Value  Global                              Global Defined In Module
      -----  --------------------------------   ------------------------
C:   00000013  __mcs51_genXINIT                   

ASxxxx Linker V03.00 + NoICE + sdld,  page 14.
Hexadecimal  [32-Bits]

Area                                    Addr        Size        Decimal Bytes (Attributes)
--------------------------------        ----        ----        ------- ----- ------------
GSINIT4                             00000035    0000002A =          42. bytes (REL,CON,CODE)

      Value  Global                              Global Defined In Module
      -----  --------------------------------   ------------------------
C:   00000035  __mcs51_genRAMCLEAR                
C:   0000003B  __mcs51_genXRAMCLEAR               

ASxxxx Linker V03.00 + NoICE + sdld,  page 15.
Hexadecimal  [32-Bits]

Area                                    Addr        Size        Decimal Bytes (Attributes)
--------------------------------        ----        ----        ------- ----- ------------
GSFINAL                             0000005F    00000003 =           3. bytes (REL,CON,CODE)

      Value  Global                              Global Defined In Module
      -----  --------------------------------   ------------------------
C:   0000005F  A$Function_Return$406              Function_Return

ASxxxx Linker V03.00 + NoICE + sdld,  page 16.
Hexadecimal  [32-Bits]

Area                                    Addr        Size        Decimal Bytes (Attributes)
--------------------------------        ----        ----        ------- ----- ------------
CSEG                                00000062    00000082 =         130. bytes (REL,CON,CODE)

      Value  Global                              Global Defined In Module
      -----  --------------------------------   ------------------------
C:   00000062  A$Function_Return$442              Function_Return
C:   00000062  C$Function_Return.c$18$0_0$5       Function_Return
C:   00000062  C$Function_Return.c$22$1_0$5       Function_Return
C:   00000062  G$main$0$0                         Function_Return
C:   00000062  _main                              Function_Return
C:   00000065  A$Function_Return$443              Function_Return
C:   00000068  A$Function_Return$444              Function_Return
C:   0000006B  A$Function_Return$445              Function_Return
C:   0000006D  A$Function_Return$446              Function_Return
C:   0000006F  A$Function_Return$449              Function_Return
C:   0000006F  C$Function_Return.c$23$1_0$5       Function_Return
C:   00000072  A$Function_Return$450              Function_Return
C:   00000075  A$Function_Return$451              Function_Return
C:   00000078  A$Function_Return$452              Function_Return
C:   0000007A  A$Function_Return$453              Function_Return
C:   0000007C  A$Function_Return$456              Function_Return
C:   0000007C  C$Function_Return.c$24$1_0$5       Function_Return
C:   0000007F  A$Function_Return$457              Function_Return
C:   00000082  A$Function_Return$458              Function_Return
C:   00000085  A$Function_Return$459              Function_Return
C:   00000087  A$Function_Return$460              Function_Return
C:   00000089  A$Function_Return$465              Function_Return
C:   00000089  C$Function_Return.c$25$1_0$5       Function_Return
C:   00000089  XG$main$0$0                        Function_Return
C:   0000008A  A$Function_Return$479              Function_Return
C:   0000008A  C$Function_Return.c$27$1_0$7       Function_Return
C:   0000008A  G$sum_while$0$0                    Function_Return
C:   0000008A  _sum_while                         Function_Return
C:   0000008C  A$Function_Return$480              Function_Return
C:   0000008E  A$Function_Return$484              Function_Return
C:   0000008E  C$Function_Return.c$29$1_0$7       Function_Return
C:   00000090  A$Function_Return$485              Function_Return
C:   00000092  A$Function_Return$486              Function_Return
C:   00000094  A$Function_Return$489              Function_Return
C:   00000094  C$Function_Return.c$31$2_0$8       Function_Return
C:   00000096  A$Function_Return$490              Function_Return
C:   00000098  A$Function_Return$491              Function_Return
C:   00000099  A$Function_Return$492              Function_Return
C:   0000009A  A$Function_Return$493              Function_Return
C:   0000009B  A$Function_Return$494              Function_Return
C:   0000009C  A$Function_Return$495              Function_Return
C:   0000009D  A$Function_Return$496              Function_Return
C:   0000009E  A$Function_Return$499              Function_Return
C:   0000009E  C$Function_Return.c$32$2_0$8       Function_Return
C:   000000A0  A$Function_Return$500              Function_Return
C:   000000A2  A$Function_Return$504              Function_Return
C:   000000A2  C$Function_Return.c$34$1_0$7       Function_Return
C:   000000A4  A$Function_Return$505              Function_Return
C:   000000A6  A$Function_Return$510              Function_Return
C:   000000A6  C$Function_Return.c$35$1_0$7       Function_Return
ASxxxx Linker V03.00 + NoICE + sdld,  page 17.
Hexadecimal  [32-Bits]

Area                                    Addr        Size        Decimal Bytes (Attributes)
--------------------------------        ----        ----        ------- ----- ------------
CSEG                                00000062    00000082 =         130. bytes (REL,CON,CODE)

      Value  Global                              Global Defined In Module
      -----  --------------------------------   ------------------------
C:   000000A6  XG$sum_while$0$0                   Function_Return
C:   000000A7  A$Function_Return$524              Function_Return
C:   000000A7  C$Function_Return.c$37$1_0$10      Function_Return
C:   000000A7  G$sum_Do$0$0                       Function_Return
C:   000000A7  _sum_Do                            Function_Return
C:   000000A9  A$Function_Return$525              Function_Return
C:   000000AB  A$Function_Return$531              Function_Return
C:   000000AB  C$Function_Return.c$39$1_0$10      Function_Return
C:   000000AB  C$Function_Return.c$41$2_0$11      Function_Return
C:   000000AD  A$Function_Return$532              Function_Return
C:   000000AF  A$Function_Return$533              Function_Return
C:   000000B0  A$Function_Return$534              Function_Return
C:   000000B1  A$Function_Return$535              Function_Return
C:   000000B2  A$Function_Return$536              Function_Return
C:   000000B3  A$Function_Return$537              Function_Return
C:   000000B4  A$Function_Return$538              Function_Return
C:   000000B5  A$Function_Return$541              Function_Return
C:   000000B5  C$Function_Return.c$42$2_0$11      Function_Return
C:   000000B7  A$Function_Return$544              Function_Return
C:   000000B7  C$Function_Return.c$43$1_0$10      Function_Return
C:   000000B9  A$Function_Return$545              Function_Return
C:   000000BB  A$Function_Return$546              Function_Return
C:   000000BD  A$Function_Return$549              Function_Return
C:   000000BD  C$Function_Return.c$44$1_0$10      Function_Return
C:   000000BF  A$Function_Return$550              Function_Return
C:   000000C1  A$Function_Return$555              Function_Return
C:   000000C1  C$Function_Return.c$45$1_0$10      Function_Return
C:   000000C1  XG$sum_Do$0$0                      Function_Return
C:   000000C2  A$Function_Return$569              Function_Return
C:   000000C2  C$Function_Return.c$47$1_0$13      Function_Return
C:   000000C2  G$sum_For$0$0                      Function_Return
C:   000000C2  _sum_For                           Function_Return
C:   000000C4  A$Function_Return$570              Function_Return
C:   000000C6  A$Function_Return$573              Function_Return
C:   000000C9  A$Function_Return$577              Function_Return
C:   000000C9  C$Function_Return.c$51$3_0$15      Function_Return
C:   000000CB  A$Function_Return$578              Function_Return
C:   000000CD  A$Function_Return$579              Function_Return
C:   000000CE  A$Function_Return$580              Function_Return
C:   000000CF  A$Function_Return$581              Function_Return
C:   000000D0  A$Function_Return$582              Function_Return
C:   000000D1  A$Function_Return$583              Function_Return
C:   000000D2  A$Function_Return$584              Function_Return
C:   000000D3  A$Function_Return$587              Function_Return
C:   000000D3  C$Function_Return.c$49$2_0$14      Function_Return
C:   000000D5  A$Function_Return$588              Function_Return
C:   000000D7  A$Function_Return$589              Function_Return
C:   000000D9  A$Function_Return$590              Function_Return
C:   000000DB  A$Function_Return$593              Function_Return
C:   000000DB  C$Function_Return.c$53$1_0$13      Function_Return
C:   000000DD  A$Function_Return$594              Function_Return
ASxxxx Linker V03.00 + NoICE + sdld,  page 18.
Hexadecimal  [32-Bits]

Area                                    Addr        Size        Decimal Bytes (Attributes)
--------------------------------        ----        ----        ------- ----- ------------
CSEG                                00000062    00000082 =         130. bytes (REL,CON,CODE)

      Value  Global                              Global Defined In Module
      -----  --------------------------------   ------------------------
C:   000000DF  A$Function_Return$599              Function_Return
C:   000000DF  C$Function_Return.c$54$1_0$13      Function_Return
C:   000000DF  XG$sum_For$0$0                     Function_Return
C:   000000E0  __sdcc_external_startup            _startup
ASxxxx Linker V03.00 + NoICE + sdld,  page 19.

Files Linked                              [ module(s) ]

Function_Return.rel                       [  ]


Libraries Linked                          [ object file ]

C:\Program Files\SDCC\bin\..\lib\small/mcs51.lib
                                          [ crtclear.rel ]
C:\Program Files\SDCC\bin\..\lib\small/mcs51.lib
                                          [ crtxinit.rel ]
C:\Program Files\SDCC\bin\..\lib\small/mcs51.lib
                                          [ crtxclear.rel ]
C:\Program Files\SDCC\bin\..\lib\small/mcs51.lib
                                          [ crtpagesfr.rel ]
C:\Program Files\SDCC\bin\..\lib\small/mcs51.lib
                                          [ crtstart.rel ]
C:\Program Files\SDCC\bin\..\lib\small/libsdcc.lib
                                          [ _startup.rel ]

ASxxxx Linker V03.00 + NoICE + sdld,  page 20.

User Base Address Definitions

HOME = 0x0000
XSEG = 0x0001
PSEG = 0x0001
ISEG = 0x0000
BSEG = 0x0000

