ASxxxx Linker V03.00 + NoICE + sdld,  page 1.
Hexadecimal  [32-Bits]

Area                                    Addr        Size        Decimal Bytes (Attributes)
--------------------------------        ----        ----        ------- ----- ------------
CABS                                00000000    00000000 =           0. bytes (ABS,CON,CODE)

      Value  Global                              Global Defined In Module
      -----  --------------------------------   ------------------------
C:   00000000  l_BIT_BANK                      
C:   00000000  l_BSEG                          
C:   00000000  l_BSEG_BYTES                    
C:   00000000  l_CABS                          
C:   00000000  l_CONST                         
C:   00000000  l_GSINIT                        
C:   00000000  l_GSINIT1                       
C:   00000000  l_GSINIT5                       
C:   00000000  l_IABS                          
C:   00000000  l_ISEG                          
C:   00000000  l_OSEG                          
C:   00000000  l_PSEG                          
C:   00000000  l_REG_BANK_1                    
C:   00000000  l_REG_BANK_2                    
C:   00000000  l_REG_BANK_3                    
C:   00000000  l_RSEG                          
C:   00000000  l_RSEG0                         
C:   00000000  l_RSEG1                         
C:   00000000  l_XABS                          
C:   00000000  l_XINIT                         
C:   00000000  l_XISEG                         
C:   00000000  l_XSEG                          
C:   00000000  l__CODE                         
C:   00000000  s_BSEG                          
C:   00000000  s_CABS                          
C:   00000000  s_DSEG                          
C:   00000000  s_HOME                          
C:   00000000  s_IABS                          
C:   00000000  s_ISEG                          
C:   00000000  s_REG_BANK_0                    
C:   00000000  s_RSEG                          
C:   00000000  s_RSEG0                         
C:   00000000  s_RSEG1                         
C:   00000000  s_XABS                          
C:   00000001  s_PSEG                          
C:   00000001  s_XISEG                         
C:   00000001  s_XSEG                          
C:   00000003  l_GSFINAL                       
C:   00000003  l_GSINIT0                       
C:   00000006  l_HOME                          
C:   00000006  s_GSINIT0                       
C:   00000008  l_REG_BANK_0                    
C:   00000008  s_REG_BANK_1                    
C:   00000009  s_GSINIT1                       
C:   00000009  s_GSINIT2                       
C:   0000000A  l_GSINIT2                       
C:   0000000B  s_SSEG                          
C:   00000010  s_REG_BANK_2                    
C:   00000013  s_GSINIT3                       
C:   00000018  s_BIT_BANK                      
ASxxxx Linker V03.00 + NoICE + sdld,  page 2.
Hexadecimal  [32-Bits]

Area                                    Addr        Size        Decimal Bytes (Attributes)
--------------------------------        ----        ----        ------- ----- ------------
CABS                                00000000    00000000 =           0. bytes (ABS,CON,CODE)

      Value  Global                              Global Defined In Module
      -----  --------------------------------   ------------------------
C:   00000018  s_OSEG                          
C:   00000018  s_REG_BANK_3                    
C:   00000020  s_BSEG_BYTES                    
C:   00000020  s__CODE                         
C:   00000022  l_GSINIT3                       
C:   0000002A  l_GSINIT4                       
C:   00000035  s_GSINIT4                       
C:   0000005F  s_GSFINAL                       
C:   0000005F  s_GSINIT                        
C:   0000005F  s_GSINIT5                       
C:   00000062  s_CSEG                          
C:   0000006F  l_CSEG                          
C:   00000080  l_DSEG                          
C:   000000D1  s_CONST                         
C:   000000D1  s_XINIT                         
C:   000000F5  l_SSEG                          
C:   00000100  l_IRAM                          

ASxxxx Linker V03.00 + NoICE + sdld,  page 3.
Hexadecimal  [32-Bits]

Area                                    Addr        Size        Decimal Bytes (Attributes)
--------------------------------        ----        ----        ------- ----- ------------
.  .ABS.                            00000000    00000000 =           0. bytes (ABS,CON)

      Value  Global                              Global Defined In Module
      -----  --------------------------------   ------------------------
     00000000  .__.ABS.                           _startup
     00000080  G$P0$0_0$0                         Loops
     00000080  G$P0_0$0_0$0                       Loops
     00000080  _P0                                Loops
     00000080  _P0_0                              Loops
     00000081  G$P0_1$0_0$0                       Loops
     00000081  G$SP$0_0$0                         Loops
     00000081  _P0_1                              Loops
     00000081  _SP                                Loops
     00000082  G$DPL$0_0$0                        Loops
     00000082  G$P0_2$0_0$0                       Loops
     00000082  _DPL                               Loops
     00000082  _P0_2                              Loops
     00000083  G$DPH$0_0$0                        Loops
     00000083  G$P0_3$0_0$0                       Loops
     00000083  _DPH                               Loops
     00000083  _P0_3                              Loops
     00000084  G$P0_4$0_0$0                       Loops
     00000084  _P0_4                              Loops
     00000085  G$P0_5$0_0$0                       Loops
     00000085  _P0_5                              Loops
     00000086  G$P0_6$0_0$0                       Loops
     00000086  _P0_6                              Loops
     00000087  G$P0_7$0_0$0                       Loops
     00000087  G$PCON$0_0$0                       Loops
     00000087  _P0_7                              Loops
     00000087  _PCON                              Loops
     00000088  G$IT0$0_0$0                        Loops
     00000088  G$TCON$0_0$0                       Loops
     00000088  _IT0                               Loops
     00000088  _TCON                              Loops
     00000089  G$IE0$0_0$0                        Loops
     00000089  G$TMOD$0_0$0                       Loops
     00000089  _IE0                               Loops
     00000089  _TMOD                              Loops
     0000008A  G$IT1$0_0$0                        Loops
     0000008A  G$TL0$0_0$0                        Loops
     0000008A  _IT1                               Loops
     0000008A  _TL0                               Loops
     0000008B  G$IE1$0_0$0                        Loops
     0000008B  G$TL1$0_0$0                        Loops
     0000008B  _IE1                               Loops
     0000008B  _TL1                               Loops
     0000008C  G$TH0$0_0$0                        Loops
     0000008C  G$TR0$0_0$0                        Loops
     0000008C  _TH0                               Loops
     0000008C  _TR0                               Loops
     0000008D  G$TF0$0_0$0                        Loops
     0000008D  G$TH1$0_0$0                        Loops
     0000008D  _TF0                               Loops
ASxxxx Linker V03.00 + NoICE + sdld,  page 4.
Hexadecimal  [32-Bits]

Area                                    Addr        Size        Decimal Bytes (Attributes)
--------------------------------        ----        ----        ------- ----- ------------
.  .ABS.                            00000000    00000000 =           0. bytes (ABS,CON)

      Value  Global                              Global Defined In Module
      -----  --------------------------------   ------------------------
     0000008D  _TH1                               Loops
     0000008E  G$TR1$0_0$0                        Loops
     0000008E  _TR1                               Loops
     0000008F  G$TF1$0_0$0                        Loops
     0000008F  _TF1                               Loops
     00000090  G$P1$0_0$0                         Loops
     00000090  G$P1_0$0_0$0                       Loops
     00000090  _P1                                Loops
     00000090  _P1_0                              Loops
     00000091  G$P1_1$0_0$0                       Loops
     00000091  _P1_1                              Loops
     00000092  G$P1_2$0_0$0                       Loops
     00000092  _P1_2                              Loops
     00000093  G$P1_3$0_0$0                       Loops
     00000093  _P1_3                              Loops
     00000094  G$P1_4$0_0$0                       Loops
     00000094  _P1_4                              Loops
     00000095  G$P1_5$0_0$0                       Loops
     00000095  _P1_5                              Loops
     00000096  G$P1_6$0_0$0                       Loops
     00000096  _P1_6                              Loops
     00000097  G$P1_7$0_0$0                       Loops
     00000097  _P1_7                              Loops
     00000098  G$RI$0_0$0                         Loops
     00000098  G$SCON$0_0$0                       Loops
     00000098  _RI                                Loops
     00000098  _SCON                              Loops
     00000099  G$SBUF$0_0$0                       Loops
     00000099  G$TI$0_0$0                         Loops
     00000099  _SBUF                              Loops
     00000099  _TI                                Loops
     0000009A  G$RB8$0_0$0                        Loops
     0000009A  _RB8                               Loops
     0000009B  G$TB8$0_0$0                        Loops
     0000009B  _TB8                               Loops
     0000009C  G$REN$0_0$0                        Loops
     0000009C  _REN                               Loops
     0000009D  G$SM2$0_0$0                        Loops
     0000009D  _SM2                               Loops
     0000009E  G$SM1$0_0$0                        Loops
     0000009E  _SM1                               Loops
     0000009F  G$SM0$0_0$0                        Loops
     0000009F  _SM0                               Loops
     000000A0  G$P2$0_0$0                         Loops
     000000A0  G$P2_0$0_0$0                       Loops
     000000A0  _P2                                Loops
     000000A0  _P2_0                              Loops
     000000A0  __XPAGE                            
     000000A1  G$P2_1$0_0$0                       Loops
     000000A1  _P2_1                              Loops
     000000A2  G$P2_2$0_0$0                       Loops
ASxxxx Linker V03.00 + NoICE + sdld,  page 5.
Hexadecimal  [32-Bits]

Area                                    Addr        Size        Decimal Bytes (Attributes)
--------------------------------        ----        ----        ------- ----- ------------
.  .ABS.                            00000000    00000000 =           0. bytes (ABS,CON)

      Value  Global                              Global Defined In Module
      -----  --------------------------------   ------------------------
     000000A2  _P2_2                              Loops
     000000A3  G$P2_3$0_0$0                       Loops
     000000A3  _P2_3                              Loops
     000000A4  G$P2_4$0_0$0                       Loops
     000000A4  _P2_4                              Loops
     000000A5  G$P2_5$0_0$0                       Loops
     000000A5  _P2_5                              Loops
     000000A6  G$P2_6$0_0$0                       Loops
     000000A6  _P2_6                              Loops
     000000A7  G$P2_7$0_0$0                       Loops
     000000A7  _P2_7                              Loops
     000000A8  G$EX0$0_0$0                        Loops
     000000A8  G$IE$0_0$0                         Loops
     000000A8  _EX0                               Loops
     000000A8  _IE                                Loops
     000000A9  G$ET0$0_0$0                        Loops
     000000A9  _ET0                               Loops
     000000AA  G$EX1$0_0$0                        Loops
     000000AA  _EX1                               Loops
     000000AB  G$ET1$0_0$0                        Loops
     000000AB  _ET1                               Loops
     000000AC  G$ES$0_0$0                         Loops
     000000AC  _ES                                Loops
     000000AF  G$EA$0_0$0                         Loops
     000000AF  _EA                                Loops
     000000B0  G$P3$0_0$0                         Loops
     000000B0  G$P3_0$0_0$0                       Loops
     000000B0  G$RXD$0_0$0                        Loops
     000000B0  _P3                                Loops
     000000B0  _P3_0                              Loops
     000000B0  _RXD                               Loops
     000000B1  G$P3_1$0_0$0                       Loops
     000000B1  G$TXD$0_0$0                        Loops
     000000B1  _P3_1                              Loops
     000000B1  _TXD                               Loops
     000000B2  G$INT0$0_0$0                       Loops
     000000B2  G$P3_2$0_0$0                       Loops
     000000B2  _INT0                              Loops
     000000B2  _P3_2                              Loops
     000000B3  G$INT1$0_0$0                       Loops
     000000B3  G$P3_3$0_0$0                       Loops
     000000B3  _INT1                              Loops
     000000B3  _P3_3                              Loops
     000000B4  G$P3_4$0_0$0                       Loops
     000000B4  G$T0$0_0$0                         Loops
     000000B4  _P3_4                              Loops
     000000B4  _T0                                Loops
     000000B5  G$P3_5$0_0$0                       Loops
     000000B5  G$T1$0_0$0                         Loops
     000000B5  _P3_5                              Loops
     000000B5  _T1                                Loops
ASxxxx Linker V03.00 + NoICE + sdld,  page 6.
Hexadecimal  [32-Bits]

Area                                    Addr        Size        Decimal Bytes (Attributes)
--------------------------------        ----        ----        ------- ----- ------------
.  .ABS.                            00000000    00000000 =           0. bytes (ABS,CON)

      Value  Global                              Global Defined In Module
      -----  --------------------------------   ------------------------
     000000B6  G$P3_6$0_0$0                       Loops
     000000B6  G$WR$0_0$0                         Loops
     000000B6  _P3_6                              Loops
     000000B6  _WR                                Loops
     000000B7  G$P3_7$0_0$0                       Loops
     000000B7  G$RD$0_0$0                         Loops
     000000B7  _P3_7                              Loops
     000000B7  _RD                                Loops
     000000B8  G$IP$0_0$0                         Loops
     000000B8  G$PX0$0_0$0                        Loops
     000000B8  _IP                                Loops
     000000B8  _PX0                               Loops
     000000B9  G$PT0$0_0$0                        Loops
     000000B9  _PT0                               Loops
     000000BA  G$PX1$0_0$0                        Loops
     000000BA  _PX1                               Loops
     000000BB  G$PT1$0_0$0                        Loops
     000000BB  _PT1                               Loops
     000000BC  G$PS$0_0$0                         Loops
     000000BC  _PS                                Loops
     000000D0  G$P$0_0$0                          Loops
     000000D0  G$PSW$0_0$0                        Loops
     000000D0  _P                                 Loops
     000000D0  _PSW                               Loops
     000000D1  G$FL$0_0$0                         Loops
     000000D1  _FL                                Loops
     000000D2  G$OV$0_0$0                         Loops
     000000D2  _OV                                Loops
     000000D3  G$RS0$0_0$0                        Loops
     000000D3  _RS0                               Loops
     000000D4  G$RS1$0_0$0                        Loops
     000000D4  _RS1                               Loops
     000000D5  G$F0$0_0$0                         Loops
     000000D5  _F0                                Loops
     000000D6  G$AC$0_0$0                         Loops
     000000D6  _AC                                Loops
     000000D7  G$CY$0_0$0                         Loops
     000000D7  _CY                                Loops
     000000E0  G$A$0_0$0                          Loops
     000000E0  G$ACC$0_0$0                        Loops
     000000E0  _A                                 Loops
     000000E0  _ACC                               Loops
     000000F0  G$B$0_0$0                          Loops
     000000F0  _B                                 Loops

ASxxxx Linker V03.00 + NoICE + sdld,  page 7.
Hexadecimal  [32-Bits]

Area                                    Addr        Size        Decimal Bytes (Attributes)
--------------------------------        ----        ----        ------- ----- ------------
REG_BANK_0                          00000000    00000008 =           8. bytes (REL,OVR)

      Value  Global                              Global Defined In Module
      -----  --------------------------------   ------------------------
ASxxxx Linker V03.00 + NoICE + sdld,  page 8.
Hexadecimal  [32-Bits]

Area                                    Addr        Size        Decimal Bytes (Attributes)
--------------------------------        ----        ----        ------- ----- ------------
DSEG                                00000000    00000080 =         128. bytes (REL,CON)

      Value  Global                              Global Defined In Module
      -----  --------------------------------   ------------------------
     00000008  G$sum$0_0$0                        Loops
     00000008  _sum                               Loops
     0000000A  G$i$0_0$0                          Loops
     0000000A  _i                                 Loops

ASxxxx Linker V03.00 + NoICE + sdld,  page 9.
Hexadecimal  [32-Bits]

Area                                    Addr        Size        Decimal Bytes (Attributes)
--------------------------------        ----        ----        ------- ----- ------------
SSEG                                0000000B    000000F5 =         245. bytes (REL,OVR)

      Value  Global                              Global Defined In Module
      -----  --------------------------------   ------------------------
     0000000B  __start__stack                     Loops

ASxxxx Linker V03.00 + NoICE + sdld,  page 10.
Hexadecimal  [32-Bits]

Area                                    Addr        Size        Decimal Bytes (Attributes)
--------------------------------        ----        ----        ------- ----- ------------
HOME                                00000000    00000006 =           6. bytes (REL,CON,CODE)

      Value  Global                              Global Defined In Module
      -----  --------------------------------   ------------------------
C:   00000000  A$Loops$387                        Loops
C:   00000003  A$Loops$409                        Loops
C:   00000003  __sdcc_program_startup             Loops
ASxxxx Linker V03.00 + NoICE + sdld,  page 11.
Hexadecimal  [32-Bits]

Area                                    Addr        Size        Decimal Bytes (Attributes)
--------------------------------        ----        ----        ------- ----- ------------
GSINIT0                             00000006    00000003 =           3. bytes (REL,CON,CODE)

      Value  Global                              Global Defined In Module
      -----  --------------------------------   ------------------------
C:   00000006  __sdcc_gsinit_startup              

ASxxxx Linker V03.00 + NoICE + sdld,  page 12.
Hexadecimal  [32-Bits]

Area                                    Addr        Size        Decimal Bytes (Attributes)
--------------------------------        ----        ----        ------- ----- ------------
GSINIT2                             00000009    0000000A =          10. bytes (REL,CON,CODE)

      Value  Global                              Global Defined In Module
      -----  --------------------------------   ------------------------
ASxxxx Linker V03.00 + NoICE + sdld,  page 13.
Hexadecimal  [32-Bits]

Area                                    Addr        Size        Decimal Bytes (Attributes)
--------------------------------        ----        ----        ------- ----- ------------
GSINIT3                             00000013    00000022 =          34. bytes (REL,CON,CODE)

      Value  Global                              Global Defined In Module
      -----  --------------------------------   ------------------------
C:   00000013  __mcs51_genXINIT                   

ASxxxx Linker V03.00 + NoICE + sdld,  page 14.
Hexadecimal  [32-Bits]

Area                                    Addr        Size        Decimal Bytes (Attributes)
--------------------------------        ----        ----        ------- ----- ------------
GSINIT4                             00000035    0000002A =          42. bytes (REL,CON,CODE)

      Value  Global                              Global Defined In Module
      -----  --------------------------------   ------------------------
C:   00000035  __mcs51_genRAMCLEAR                
C:   0000003B  __mcs51_genXRAMCLEAR               

ASxxxx Linker V03.00 + NoICE + sdld,  page 15.
Hexadecimal  [32-Bits]

Area                                    Addr        Size        Decimal Bytes (Attributes)
--------------------------------        ----        ----        ------- ----- ------------
GSFINAL                             0000005F    00000003 =           3. bytes (REL,CON,CODE)

      Value  Global                              Global Defined In Module
      -----  --------------------------------   ------------------------
C:   0000005F  A$Loops$402                        Loops

ASxxxx Linker V03.00 + NoICE + sdld,  page 16.
Hexadecimal  [32-Bits]

Area                                    Addr        Size        Decimal Bytes (Attributes)
--------------------------------        ----        ----        ------- ----- ------------
CSEG                                00000062    0000006F =         111. bytes (REL,CON,CODE)

      Value  Global                              Global Defined In Module
      -----  --------------------------------   ------------------------
C:   00000062  A$Loops$435                        Loops
C:   00000062  C$Loops.c$19$0_0$5                 Loops
C:   00000062  C$Loops.c$21$1_0$5                 Loops
C:   00000062  G$main$0$0                         Loops
C:   00000062  _main                              Loops
C:   00000065  A$Loops$438                        Loops
C:   00000065  C$Loops.c$22$1_0$5                 Loops
C:   00000068  A$Loops$441                        Loops
C:   00000068  C$Loops.c$23$1_0$5                 Loops
C:   0000006B  A$Loops$444                        Loops
C:   0000006B  C$Loops.c$24$1_0$5                 Loops
C:   0000006E  A$Loops$447                        Loops
C:   0000006E  C$Loops.c$25$1_0$5                 Loops
C:   00000071  A$Loops$450                        Loops
C:   00000071  C$Loops.c$26$1_0$5                 Loops
C:   00000074  A$Loops$455                        Loops
C:   00000074  C$Loops.c$27$1_0$5                 Loops
C:   00000074  XG$main$0$0                        Loops
C:   00000075  A$Loops$468                        Loops
C:   00000075  C$Loops.c$29$1_0$7                 Loops
C:   00000075  C$Loops.c$31$1_0$7                 Loops
C:   00000075  G$sum_while$0$0                    Loops
C:   00000075  _sum_while                         Loops
C:   00000076  A$Loops$469                        Loops
C:   00000078  A$Loops$470                        Loops
C:   0000007A  A$Loops$474                        Loops
C:   0000007A  C$Loops.c$32$1_0$7                 Loops
C:   0000007C  A$Loops$475                        Loops
C:   0000007E  A$Loops$476                        Loops
C:   00000080  A$Loops$479                        Loops
C:   00000080  C$Loops.c$34$2_0$8                 Loops
C:   00000082  A$Loops$480                        Loops
C:   00000084  A$Loops$481                        Loops
C:   00000085  A$Loops$482                        Loops
C:   00000087  A$Loops$483                        Loops
C:   00000089  A$Loops$484                        Loops
C:   0000008A  A$Loops$485                        Loops
C:   0000008C  A$Loops$486                        Loops
C:   0000008E  A$Loops$489                        Loops
C:   0000008E  C$Loops.c$35$2_0$8                 Loops
C:   00000090  A$Loops$490                        Loops
C:   00000092  A$Loops$496                        Loops
C:   00000092  C$Loops.c$37$1_0$7                 Loops
C:   00000092  XG$sum_while$0$0                   Loops
C:   00000093  A$Loops$509                        Loops
C:   00000093  C$Loops.c$39$1_0$10                Loops
C:   00000093  C$Loops.c$41$1_0$10                Loops
C:   00000093  G$sum_Do$0$0                       Loops
C:   00000093  _sum_Do                            Loops
C:   00000094  A$Loops$510                        Loops
ASxxxx Linker V03.00 + NoICE + sdld,  page 17.
Hexadecimal  [32-Bits]

Area                                    Addr        Size        Decimal Bytes (Attributes)
--------------------------------        ----        ----        ------- ----- ------------
CSEG                                00000062    0000006F =         111. bytes (REL,CON,CODE)

      Value  Global                              Global Defined In Module
      -----  --------------------------------   ------------------------
C:   00000096  A$Loops$511                        Loops
C:   00000098  A$Loops$517                        Loops
C:   00000098  C$Loops.c$42$1_0$10                Loops
C:   00000098  C$Loops.c$44$2_0$11                Loops
C:   0000009A  A$Loops$518                        Loops
C:   0000009C  A$Loops$519                        Loops
C:   0000009D  A$Loops$520                        Loops
C:   0000009F  A$Loops$521                        Loops
C:   000000A1  A$Loops$522                        Loops
C:   000000A2  A$Loops$523                        Loops
C:   000000A4  A$Loops$524                        Loops
C:   000000A6  A$Loops$527                        Loops
C:   000000A6  C$Loops.c$45$2_0$11                Loops
C:   000000A8  A$Loops$530                        Loops
C:   000000A8  C$Loops.c$46$1_0$10                Loops
C:   000000AA  A$Loops$531                        Loops
C:   000000AC  A$Loops$532                        Loops
C:   000000AE  A$Loops$537                        Loops
C:   000000AE  C$Loops.c$47$1_0$10                Loops
C:   000000AE  XG$sum_Do$0$0                      Loops
C:   000000AF  A$Loops$550                        Loops
C:   000000AF  C$Loops.c$49$1_0$13                Loops
C:   000000AF  C$Loops.c$51$1_0$13                Loops
C:   000000AF  G$sum_For$0$0                      Loops
C:   000000AF  _sum_For                           Loops
C:   000000B0  A$Loops$551                        Loops
C:   000000B2  A$Loops$552                        Loops
C:   000000B4  A$Loops$556                        Loops
C:   000000B6  A$Loops$560                        Loops
C:   000000B6  C$Loops.c$54$3_0$15                Loops
C:   000000B8  A$Loops$561                        Loops
C:   000000BA  A$Loops$562                        Loops
C:   000000BB  A$Loops$563                        Loops
C:   000000BD  A$Loops$564                        Loops
C:   000000BF  A$Loops$565                        Loops
C:   000000C0  A$Loops$566                        Loops
C:   000000C2  A$Loops$567                        Loops
C:   000000C4  A$Loops$570                        Loops
C:   000000C4  C$Loops.c$52$2_0$14                Loops
C:   000000C6  A$Loops$571                        Loops
C:   000000C8  A$Loops$572                        Loops
C:   000000CA  A$Loops$573                        Loops
C:   000000CC  A$Loops$578                        Loops
C:   000000CC  C$Loops.c$56$2_0$13                Loops
C:   000000CC  XG$sum_For$0$0                     Loops
C:   000000CD  __sdcc_external_startup            _startup
ASxxxx Linker V03.00 + NoICE + sdld,  page 18.

Files Linked                              [ module(s) ]

Loops.rel                                 [  ]


Libraries Linked                          [ object file ]

C:\Program Files\SDCC\bin\..\lib\small/mcs51.lib
                                          [ crtclear.rel ]
C:\Program Files\SDCC\bin\..\lib\small/mcs51.lib
                                          [ crtxinit.rel ]
C:\Program Files\SDCC\bin\..\lib\small/mcs51.lib
                                          [ crtxclear.rel ]
C:\Program Files\SDCC\bin\..\lib\small/mcs51.lib
                                          [ crtpagesfr.rel ]
C:\Program Files\SDCC\bin\..\lib\small/mcs51.lib
                                          [ crtstart.rel ]
C:\Program Files\SDCC\bin\..\lib\small/libsdcc.lib
                                          [ _startup.rel ]

ASxxxx Linker V03.00 + NoICE + sdld,  page 19.

User Base Address Definitions

HOME = 0x0000
XSEG = 0x0001
PSEG = 0x0001
ISEG = 0x0000
BSEG = 0x0000

